
> myk9q-react@3.0.0 test
> vitest --reporter=verbose


[1m[46m RUN [49m[22m [36mv4.0.9 [39m[90mD:/AI-Projects/myK9Q-React-new[39m

[90mstdout[2m | src/services/placementService.test.ts[2m > [22m[2mplacementService[2m > [22m[2mrecalculatePlacementsForClass[2m > [22m[2mshould recalculate placements for a single class
[22m[39m✅ Recalculated placements for class(es) 101

[90mstdout[2m | src/services/placementService.test.ts[2m > [22m[2mplacementService[2m > [22m[2mrecalculatePlacementsForClass[2m > [22m[2mshould recalculate placements for multiple classes
[22m[39m✅ Recalculated placements for class(es) 101, 102, 103

[90mstdout[2m | src/services/placementService.test.ts[2m > [22m[2mplacementService[2m > [22m[2mrecalculatePlacementsForClass[2m > [22m[2mshould use nationals flag when specified
[22m[39m✅ Recalculated placements for class(es) 101

[90mstdout[2m | src/services/placementService.test.ts[2m > [22m[2mplacementService[2m > [22m[2mrecalculatePlacementsForClass[2m > [22m[2mshould normalize single class ID to array
[22m[39m✅ Recalculated placements for class(es) 201

[90mstdout[2m | src/services/placementService.test.ts[2m > [22m[2mplacementService[2m > [22m[2mmanuallyRecalculatePlacements[2m > [22m[2mshould recalculate placements for regular show
[22m[39m🔄 Manual placement recalculation requested for class [33m101[39m

[90mstdout[2m | src/services/placementService.test.ts[2m > [22m[2mplacementService[2m > [22m[2mmanuallyRecalculatePlacements[2m > [22m[2mshould recalculate placements for regular show
[22m[39m✅ Recalculated placements for class(es) 101

 [32m✓[39m src/utils/rateLimiter.test.ts[2m > [22mrateLimiter[2m > [22mcheckRateLimit[2m > [22mshould allow first attempt[32m 6[2mms[22m[39m
 [32m✓[39m src/utils/rateLimiter.test.ts[2m > [22mrateLimiter[2m > [22mcheckRateLimit[2m > [22mshould return correct remaining attempts[32m 2[2mms[22m[39m
 [32m✓[39m src/utils/rateLimiter.test.ts[2m > [22mrateLimiter[2m > [22mcheckRateLimit[2m > [22mshould apply progressive delay after failed attempts[32m 2[2mms[22m[39m
 [32m✓[39m src/utils/rateLimiter.test.ts[2m > [22mrateLimiter[2m > [22mcheckRateLimit[2m > [22mshould allow attempt after delay has passed[32m 1[2mms[22m[39m
 [32m✓[39m src/utils/rateLimiter.test.ts[2m > [22mrateLimiter[2m > [22mcheckRateLimit[2m > [22mshould block after max attempts reached[32m 1[2mms[22m[39m
 [32m✓[39m src/utils/rateLimiter.test.ts[2m > [22mrateLimiter[2m > [22mcheckRateLimit[2m > [22mshould remain blocked for entire block duration[32m 1[2mms[22m[39m
 [32m✓[39m src/utils/rateLimiter.test.ts[2m > [22mrateLimiter[2m > [22mcheckRateLimit[2m > [22mshould unblock after full block duration[32m 1[2mms[22m[39m
 [32m✓[39m src/utils/rateLimiter.test.ts[2m > [22mrateLimiter[2m > [22mcheckRateLimit[2m > [22mshould reset attempts after time window expires[32m 1[2mms[22m[39m
 [32m✓[39m src/utils/rateLimiter.test.ts[2m > [22mrateLimiter[2m > [22mcheckRateLimit[2m > [22mshould use custom config when provided[32m 1[2mms[22m[39m
 [32m✓[39m src/utils/rateLimiter.test.ts[2m > [22mrateLimiter[2m > [22mcheckRateLimit[2m > [22mshould handle multiple actions independently[32m 1[2mms[22m[39m
 [32m✓[39m src/utils/rateLimiter.test.ts[2m > [22mrateLimiter[2m > [22mrecordFailedAttempt[2m > [22mshould increment attempt counter[32m 1[2mms[22m[39m
 [32m✓[39m src/utils/rateLimiter.test.ts[2m > [22mrateLimiter[2m > [22mrecordFailedAttempt[2m > [22mshould track multiple failed attempts[32m 1[2mms[22m[39m
 [32m✓[39m src/utils/rateLimiter.test.ts[2m > [22mrateLimiter[2m > [22mrecordFailedAttempt[2m > [22mshould persist state to localStorage[32m 1[2mms[22m[39m
 [32m✓[39m src/utils/rateLimiter.test.ts[2m > [22mrateLimiter[2m > [22mrecordFailedAttempt[2m > [22mshould update last attempt time[32m 1[2mms[22m[39m
 [32m✓[39m src/utils/rateLimiter.test.ts[2m > [22mrateLimiter[2m > [22mrecordFailedAttempt[2m > [22mshould track first attempt time[32m 1[2mms[22m[39m
 [32m✓[39m src/utils/rateLimiter.test.ts[2m > [22mrateLimiter[2m > [22mclearRateLimit[2m > [22mshould clear rate limit state for action[32m 1[2mms[22m[39m
 [32m✓[39m src/utils/rateLimiter.test.ts[2m > [22mrateLimiter[2m > [22mclearRateLimit[2m > [22mshould only clear specified action[32m 1[2mms[22m[39m
 [32m✓[39m src/utils/rateLimiter.test.ts[2m > [22mrateLimiter[2m > [22mclearRateLimit[2m > [22mshould remove localStorage entry[32m 0[2mms[22m[39m
 [32m✓[39m src/utils/rateLimiter.test.ts[2m > [22mrateLimiter[2m > [22mgetRateLimitStatus[2m > [22mshould return empty string for fresh state[32m 1[2mms[22m[39m
 [32m✓[39m src/utils/rateLimiter.test.ts[2m > [22mrateLimiter[2m > [22mgetRateLimitStatus[2m > [22mshould return remaining attempts after failures[32m 1[2mms[22m[39m
 [32m✓[39m src/utils/rateLimiter.test.ts[2m > [22mrateLimiter[2m > [22mgetRateLimitStatus[2m > [22mshould use singular form for one attempt[32m 1[2mms[22m[39m
 [32m✓[39m src/utils/rateLimiter.test.ts[2m > [22mrateLimiter[2m > [22mgetRateLimitStatus[2m > [22mshould return block message when blocked[32m 1[2mms[22m[39m
 [32m✓[39m src/utils/rateLimiter.test.ts[2m > [22mrateLimiter[2m > [22mgetRateLimitStatus[2m > [22mshould return delay message when in delay period[32m 1[2mms[22m[39m
 [32m✓[39m src/utils/rateLimiter.test.ts[2m > [22mrateLimiter[2m > [22mclearAllRateLimits[2m > [22mshould remove all localStorage entries with prefix[32m 2[2mms[22m[39m
 [32m✓[39m src/utils/rateLimiter.test.ts[2m > [22mrateLimiter[2m > [22mclearAllRateLimits[2m > [22mshould not affect other localStorage entries[32m 1[2mms[22m[39m
 [32m✓[39m src/utils/rateLimiter.test.ts[2m > [22mrateLimiter[2m > [22mprogressive delays[2m > [22mshould apply 1 second delay after 1st failed attempt[32m 1[2mms[22m[39m
 [32m✓[39m src/utils/rateLimiter.test.ts[2m > [22mrateLimiter[2m > [22mprogressive delays[2m > [22mshould apply 2 second delay after 2nd failed attempt[32m 1[2mms[22m[39m
 [32m✓[39m src/utils/rateLimiter.test.ts[2m > [22mrateLimiter[2m > [22mprogressive delays[2m > [22mshould apply 4 second delay after 4th failed attempt[32m 1[2mms[22m[39m
 [32m✓[39m src/utils/rateLimiter.test.ts[2m > [22mrateLimiter[2m > [22medge cases[2m > [22mshould handle corrupted localStorage data gracefully[32m 1[2mms[22m[39m
 [32m✓[39m src/utils/rateLimiter.test.ts[2m > [22mrateLimiter[2m > [22medge cases[2m > [22mshould handle missing localStorage data[32m 0[2mms[22m[39m
 [32m✓[39m src/utils/rateLimiter.test.ts[2m > [22mrateLimiter[2m > [22medge cases[2m > [22mshould handle rapid sequential checks[32m 1[2mms[22m[39m
 [32m✓[39m src/utils/rateLimiter.test.ts[2m > [22mrateLimiter[2m > [22medge cases[2m > [22mshould handle immediate check after failed attempt[32m 1[2mms[22m[39m
 [32m✓[39m src/utils/rateLimiter.test.ts[2m > [22mrateLimiter[2m > [22medge cases[2m > [22mshould handle very large time advancements[32m 2[2mms[22m[39m
 [32m✓[39m src/utils/rateLimiter.test.ts[2m > [22mrateLimiter[2m > [22msecurity calculations[2m > [22mshould make brute force significantly slower[32m 1[2mms[22m[39m
 [32m✓[39m src/utils/rateLimiter.test.ts[2m > [22mrateLimiter[2m > [22msecurity calculations[2m > [22mshould count time between windows correctly[32m 1[2mms[22m[39m
 [32m✓[39m src/utils/rateLimiter.test.ts[2m > [22mrateLimiter[2m > [22muser experience messages[2m > [22mshould provide clear message for first failure[32m 1[2mms[22m[39m
 [32m✓[39m src/utils/rateLimiter.test.ts[2m > [22mrateLimiter[2m > [22muser experience messages[2m > [22mshould provide clear message when blocked[32m 1[2mms[22m[39m
 [32m✓[39m src/utils/rateLimiter.test.ts[2m > [22mrateLimiter[2m > [22muser experience messages[2m > [22mshould show seconds remaining during delay[32m 1[2mms[22m[39m
 [32m✓[39m src/utils/rateLimiter.test.ts[2m > [22mrateLimiter[2m > [22muser experience messages[2m > [22mshould show minutes remaining during block[32m 1[2mms[22m[39m
[90mstdout[2m | src/services/placementService.test.ts[2m > [22m[2mplacementService[2m > [22m[2mmanuallyRecalculatePlacements[2m > [22m[2mshould recalculate placements for regular show
[22m[39m✅ Manual placement recalculation completed for class [33m101[39m

[90mstdout[2m | src/services/placementService.test.ts[2m > [22m[2mplacementService[2m > [22m[2mmanuallyRecalculatePlacements[2m > [22m[2mshould detect nationals competition and use correct flag
[22m[39m🔄 Manual placement recalculation requested for class [33m101[39m

[90mstdout[2m | src/services/placementService.test.ts[2m > [22m[2mplacementService[2m > [22m[2mmanuallyRecalculatePlacements[2m > [22m[2mshould detect nationals competition and use correct flag
[22m[39m✅ Recalculated placements for class(es) 101

[90mstdout[2m | src/services/placementService.test.ts[2m > [22m[2mplacementService[2m > [22m[2mmanuallyRecalculatePlacements[2m > [22m[2mshould detect nationals competition and use correct flag
[22m[39m✅ Manual placement recalculation completed for class [33m101[39m

[90mstdout[2m | src/services/placementService.test.ts[2m > [22m[2mplacementService[2m > [22m[2mmanuallyRecalculatePlacements[2m > [22m[2mshould throw error when class data fetch fails
[22m[39m🔄 Manual placement recalculation requested for class [33m999[39m

 [32m✓[39m src/utils/featureFlags.test.ts[2m > [22mfeatureFlags[2m > [22misFeatureEnabled[2m > [22mshould return false for disabled features[32m 7[2mms[22m[39m
 [32m✓[39m src/utils/featureFlags.test.ts[2m > [22mfeatureFlags[2m > [22misFeatureEnabled[2m > [22mshould return false for development-only features in production[32m 1[2mms[22m[39m
 [32m✓[39m src/utils/featureFlags.test.ts[2m > [22mfeatureFlags[2m > [22misFeatureEnabled[2m > [22mshould return true for development-only features in development[32m 1[2mms[22m[39m
 [32m✓[39m src/utils/featureFlags.test.ts[2m > [22mfeatureFlags[2m > [22misFeatureEnabled[2m > [22mshould check beta features setting for beta-required flags[32m 1[2mms[22m[39m
 [32m✓[39m src/utils/featureFlags.test.ts[2m > [22mfeatureFlags[2m > [22misFeatureEnabled[2m > [22mshould not require beta for non-beta features[32m 1[2mms[22m[39m
 [32m✓[39m src/utils/featureFlags.test.ts[2m > [22mfeatureFlags[2m > [22misFeatureEnabled[2m > [22mshould handle invalid feature flags gracefully[32m 1[2mms[22m[39m
 [32m✓[39m src/utils/featureFlags.test.ts[2m > [22mfeatureFlags[2m > [22misFeatureEnabled[2m > [22mshould handle missing settings gracefully[32m 1[2mms[22m[39m
 [32m✓[39m src/utils/featureFlags.test.ts[2m > [22mfeatureFlags[2m > [22misFeatureEnabled[2m > [22mshould handle corrupted settings data[32m 1[2mms[22m[39m
 [32m✓[39m src/utils/featureFlags.test.ts[2m > [22mfeatureFlags[2m > [22mgetEnabledFeatures[2m > [22mshould return empty array when no features enabled[32m 2[2mms[22m[39m
 [32m✓[39m src/utils/featureFlags.test.ts[2m > [22mfeatureFlags[2m > [22mgetEnabledFeatures[2m > [22mshould return all enabled features[32m 6[2mms[22m[39m
 [32m✓[39m src/utils/featureFlags.test.ts[2m > [22mfeatureFlags[2m > [22mgetEnabledFeatures[2m > [22mshould filter out beta features when not opted in[32m 1[2mms[22m[39m
 [32m✓[39m src/utils/featureFlags.test.ts[2m > [22mfeatureFlags[2m > [22mgetEnabledFeatures[2m > [22mshould include beta features when opted in[32m 1[2mms[22m[39m
 [32m✓[39m src/utils/featureFlags.test.ts[2m > [22mfeatureFlags[2m > [22mgetFeatureConfig[2m > [22mshould return config for valid feature flag[32m 1[2mms[22m[39m
 [32m✓[39m src/utils/featureFlags.test.ts[2m > [22mfeatureFlags[2m > [22mgetFeatureConfig[2m > [22mshould return null for invalid feature flag[32m 0[2mms[22m[39m
 [32m✓[39m src/utils/featureFlags.test.ts[2m > [22mfeatureFlags[2m > [22mgetFeatureConfig[2m > [22mshould return correct config values[32m 1[2mms[22m[39m
 [32m✓[39m src/utils/featureFlags.test.ts[2m > [22mfeatureFlags[2m > [22mgetFeatureConfig[2m > [22mshould return different configs for different flags[32m 0[2mms[22m[39m
 [32m✓[39m src/utils/featureFlags.test.ts[2m > [22mfeatureFlags[2m > [22moverrideFeatureFlag[2m > [22mshould enable a disabled feature in development[32m 0[2mms[22m[39m
 [32m✓[39m src/utils/featureFlags.test.ts[2m > [22mfeatureFlags[2m > [22moverrideFeatureFlag[2m > [22mshould disable an enabled feature in development[32m 0[2mms[22m[39m
 [32m✓[39m src/utils/featureFlags.test.ts[2m > [22mfeatureFlags[2m > [22moverrideFeatureFlag[2m > [22mshould handle invalid feature flags gracefully[32m 2[2mms[22m[39m
 [32m✓[39m src/utils/featureFlags.test.ts[2m > [22mfeatureFlags[2m > [22moverrideFeatureFlag[2m > [22mshould persist override across multiple checks[32m 1[2mms[22m[39m
 [32m✓[39m src/utils/featureFlags.test.ts[2m > [22mfeatureFlags[2m > [22mlistFeatureFlags[2m > [22mshould return all feature flags[32m 0[2mms[22m[39m
 [32m✓[39m src/utils/featureFlags.test.ts[2m > [22mfeatureFlags[2m > [22mlistFeatureFlags[2m > [22mshould include flag name, enabled status, and config[32m 1[2mms[22m[39m
 [32m✓[39m src/utils/featureFlags.test.ts[2m > [22mfeatureFlags[2m > [22mlistFeatureFlags[2m > [22mshould reflect current enabled state[32m 0[2mms[22m[39m
 [32m✓[39m src/utils/featureFlags.test.ts[2m > [22mfeatureFlags[2m > [22mlistFeatureFlags[2m > [22mshould update when flags are overridden[32m 1[2mms[22m[39m
 [32m✓[39m src/utils/featureFlags.test.ts[2m > [22mfeatureFlags[2m > [22mlistFeatureFlags[2m > [22mshould include all phases of features[32m 1[2mms[22m[39m
 [32m✓[39m src/utils/featureFlags.test.ts[2m > [22mfeatureFlags[2m > [22mlistFeatureFlags[2m > [22mshould include experimental features[32m 1[2mms[22m[39m
 [32m✓[39m src/utils/featureFlags.test.ts[2m > [22mfeatureFlags[2m > [22mbeta features integration[2m > [22mshould enable beta-required features when beta enabled[32m 1[2mms[22m[39m
 [32m✓[39m src/utils/featureFlags.test.ts[2m > [22mfeatureFlags[2m > [22mbeta features integration[2m > [22mshould disable beta-required features when beta disabled[32m 0[2mms[22m[39m
 [32m✓[39m src/utils/featureFlags.test.ts[2m > [22mfeatureFlags[2m > [22mbeta features integration[2m > [22mshould handle mixed beta and non-beta features[32m 0[2mms[22m[39m
 [32m✓[39m src/utils/featureFlags.test.ts[2m > [22mfeatureFlags[2m > [22mdevelopment vs production[2m > [22mshould respect development-only flags in dev mode[32m 0[2mms[22m[39m
 [32m✓[39m src/utils/featureFlags.test.ts[2m > [22mfeatureFlags[2m > [22medge cases[2m > [22mshould handle multiple simultaneous checks[32m 1[2mms[22m[39m
 [32m✓[39m src/utils/featureFlags.test.ts[2m > [22mfeatureFlags[2m > [22medge cases[2m > [22mshould handle rapid enable/disable cycles[32m 0[2mms[22m[39m
 [32m✓[39m src/utils/featureFlags.test.ts[2m > [22mfeatureFlags[2m > [22medge cases[2m > [22mshould handle checking all features at once[32m 4[2mms[22m[39m
 [32m✓[39m src/utils/featureFlags.test.ts[2m > [22mfeatureFlags[2m > [22medge cases[2m > [22mshould handle settings being added after checks[32m 1[2mms[22m[39m
 [32m✓[39m src/utils/featureFlags.test.ts[2m > [22mfeatureFlags[2m > [22medge cases[2m > [22mshould handle settings being removed[32m 1[2mms[22m[39m
[90mstdout[2m | src/services/placementService.test.ts[2m > [22m[2mplacementService[2m > [22m[2mmanuallyRecalculatePlacements[2m > [22m[2mshould throw error when placement recalculation fails
[22m[39m🔄 Manual placement recalculation requested for class [33m101[39m

 [32m✓[39m src/utils/cacheManager.test.ts[2m > [22mcacheManager[2m > [22mclearScrollPositions[2m > [22mshould clear scroll position keys from sessionStorage[32m 8[2mms[22m[39m
 [32m✓[39m src/utils/cacheManager.test.ts[2m > [22mcacheManager[2m > [22mclearScrollPositions[2m > [22mshould handle empty sessionStorage[32m 32[2mms[22m[39m
 [32m✓[39m src/utils/cacheManager.test.ts[2m > [22mcacheManager[2m > [22mclearScrollPositions[2m > [22mshould clear keys containing "scroll"[32m 2[2mms[22m[39m
 [32m✓[39m src/utils/cacheManager.test.ts[2m > [22mcacheManager[2m > [22mclearScrollPositions[2m > [22mshould clear keys containing "position"[32m 1[2mms[22m[39m
 [32m✓[39m src/utils/cacheManager.test.ts[2m > [22mcacheManager[2m > [22mclearAllCaches[2m > [22mshould clear service worker caches[32m 9[2mms[22m[39m
 [32m✓[39m src/utils/cacheManager.test.ts[2m > [22mcacheManager[2m > [22mclearAllCaches[2m > [22mshould preserve auth data in localStorage[32m 2[2mms[22m[39m
 [32m✓[39m src/utils/cacheManager.test.ts[2m > [22mcacheManager[2m > [22mclearAllCaches[2m > [22mshould preserve settings data in localStorage[32m 1[2mms[22m[39m
 [32m✓[39m src/utils/cacheManager.test.ts[2m > [22mcacheManager[2m > [22mclearAllCaches[2m > [22mshould clear sessionStorage[32m 1[2mms[22m[39m
 [2m[90m↓[39m[22m src/utils/cacheManager.test.ts[2m > [22mcacheManager[2m > [22mclearAllCaches[2m > [22mshould handle caches API not being available
 [2m[90m↓[39m[22m src/utils/cacheManager.test.ts[2m > [22mcacheManager[2m > [22mclearAllCaches[2m > [22mshould handle IndexedDB not being available
 [32m✓[39m src/utils/cacheManager.test.ts[2m > [22mcacheManager[2m > [22mundo functionality[2m > [22mshould enable undo by default[32m 2[2mms[22m[39m
 [32m✓[39m src/utils/cacheManager.test.ts[2m > [22mcacheManager[2m > [22mundo functionality[2m > [22mshould not enable undo when disabled[32m 1[2mms[22m[39m
 [32m✓[39m src/utils/cacheManager.test.ts[2m > [22mcacheManager[2m > [22mundo functionality[2m > [22mshould restore cleared data on undo[32m 1[2mms[22m[39m
 [32m✓[39m src/utils/cacheManager.test.ts[2m > [22mcacheManager[2m > [22mundo functionality[2m > [22mshould restore sessionStorage on undo[32m 1[2mms[22m[39m
 [32m✓[39m src/utils/cacheManager.test.ts[2m > [22mcacheManager[2m > [22mundo functionality[2m > [22mshould return false when no undo data available[32m 1[2mms[22m[39m
 [32m✓[39m src/utils/cacheManager.test.ts[2m > [22mcacheManager[2m > [22mundo functionality[2m > [22mshould clear undo data after timeout[32m 2[2mms[22m[39m
 [32m✓[39m src/utils/cacheManager.test.ts[2m > [22mcacheManager[2m > [22mundo functionality[2m > [22mshould use custom undo duration[32m 1[2mms[22m[39m
 [32m✓[39m src/utils/cacheManager.test.ts[2m > [22mcacheManager[2m > [22mundo functionality[2m > [22mshould clear timeout when undo is called[32m 1[2mms[22m[39m
 [32m✓[39m src/utils/cacheManager.test.ts[2m > [22mcacheManager[2m > [22mundo functionality[2m > [22mshould not preserve auth/settings in undo data[32m 2[2mms[22m[39m
 [32m✓[39m src/utils/cacheManager.test.ts[2m > [22mcacheManager[2m > [22mcanUndoCacheClear[2m > [22mshould return false when no clear has been performed[32m 1[2mms[22m[39m
 [32m✓[39m src/utils/cacheManager.test.ts[2m > [22mcacheManager[2m > [22mcanUndoCacheClear[2m > [22mshould return true after clearing with undo enabled[32m 1[2mms[22m[39m
 [32m✓[39m src/utils/cacheManager.test.ts[2m > [22mcacheManager[2m > [22mcanUndoCacheClear[2m > [22mshould return false after clearing without undo[32m 1[2mms[22m[39m
 [32m✓[39m src/utils/cacheManager.test.ts[2m > [22mcacheManager[2m > [22mcanUndoCacheClear[2m > [22mshould return false after undo has been called[32m 1[2mms[22m[39m
 [32m✓[39m src/utils/cacheManager.test.ts[2m > [22mcacheManager[2m > [22mcanUndoCacheClear[2m > [22mshould return false after timeout expires[32m 1[2mms[22m[39m
 [32m✓[39m src/utils/cacheManager.test.ts[2m > [22mcacheManager[2m > [22merror handling[2m > [22mshould handle cache deletion errors gracefully[32m 5[2mms[22m[39m
 [32m✓[39m src/utils/cacheManager.test.ts[2m > [22mcacheManager[2m > [22merror handling[2m > [22mshould handle IndexedDB deletion errors gracefully[32m 4[2mms[22m[39m
 [32m✓[39m src/utils/cacheManager.test.ts[2m > [22mcacheManager[2m > [22merror handling[2m > [22mshould handle localStorage errors gracefully[32m 2[2mms[22m[39m
 [32m✓[39m src/utils/cacheManager.test.ts[2m > [22mcacheManager[2m > [22medge cases[2m > [22mshould handle empty caches[32m 2[2mms[22m[39m
 [32m✓[39m src/utils/cacheManager.test.ts[2m > [22mcacheManager[2m > [22medge cases[2m > [22mshould handle empty IndexedDB[32m 1[2mms[22m[39m
 [32m✓[39m src/utils/cacheManager.test.ts[2m > [22mcacheManager[2m > [22medge cases[2m > [22mshould handle empty localStorage[32m 1[2mms[22m[39m
 [32m✓[39m src/utils/cacheManager.test.ts[2m > [22mcacheManager[2m > [22medge cases[2m > [22mshould handle multiple sequential clear operations[32m 1[2mms[22m[39m
 [32m✓[39m src/utils/cacheManager.test.ts[2m > [22mcacheManager[2m > [22medge cases[2m > [22mshould handle undo being called multiple times[32m 1[2mms[22m[39m
 [32m✓[39m src/stores/settingsStore.test.ts[2m > [22msettingsStore[2m > [22mupdateSettings[2m > [22mshould update single setting[32m 5[2mms[22m[39m
 [32m✓[39m src/stores/settingsStore.test.ts[2m > [22msettingsStore[2m > [22mupdateSettings[2m > [22mshould update multiple settings[32m 2[2mms[22m[39m
 [32m✓[39m src/stores/settingsStore.test.ts[2m > [22msettingsStore[2m > [22mupdateSettings[2m > [22mshould preserve other settings when updating[32m 1[2mms[22m[39m
 [32m✓[39m src/stores/settingsStore.test.ts[2m > [22msettingsStore[2m > [22mupdateSettings[2m > [22mshould apply theme immediately via CSS class[32m 3[2mms[22m[39m
 [32m✓[39m src/stores/settingsStore.test.ts[2m > [22msettingsStore[2m > [22mupdateSettings[2m > [22mshould apply font size immediately via CSS class[32m 1[2mms[22m[39m
 [32m✓[39m src/stores/settingsStore.test.ts[2m > [22msettingsStore[2m > [22mupdateSettings[2m > [22mshould apply density immediately via CSS class[32m 4[2mms[22m[39m
 [32m✓[39m src/stores/settingsStore.test.ts[2m > [22msettingsStore[2m > [22mupdateSettings[2m > [22mshould apply reduce motion immediately[32m 2[2mms[22m[39m
 [32m✓[39m src/stores/settingsStore.test.ts[2m > [22msettingsStore[2m > [22mupdateSettings[2m > [22mshould remove reduce motion when disabled[32m 2[2mms[22m[39m
 [32m✓[39m src/stores/settingsStore.test.ts[2m > [22msettingsStore[2m > [22mupdateSettings[2m > [22mshould apply high contrast immediately[32m 1[2mms[22m[39m
 [32m✓[39m src/stores/settingsStore.test.ts[2m > [22msettingsStore[2m > [22mresetSettings[2m > [22mshould reset all settings to defaults[32m 1[2mms[22m[39m
 [32m✓[39m src/stores/settingsStore.test.ts[2m > [22msettingsStore[2m > [22mresetSettings[2m > [22mshould reapply default CSS classes[32m 18[2mms[22m[39m
 [32m✓[39m src/stores/settingsStore.test.ts[2m > [22msettingsStore[2m > [22mexportSettings[2m > [22mshould export settings as JSON string[32m 3[2mms[22m[39m
 [32m✓[39m src/stores/settingsStore.test.ts[2m > [22msettingsStore[2m > [22mexportSettings[2m > [22mshould include version in export[32m 0[2mms[22m[39m
 [32m✓[39m src/stores/settingsStore.test.ts[2m > [22msettingsStore[2m > [22mexportSettings[2m > [22mshould include timestamp in export[32m 1[2mms[22m[39m
 [32m✓[39m src/stores/settingsStore.test.ts[2m > [22msettingsStore[2m > [22mexportSettings[2m > [22mshould include all settings in export[32m 0[2mms[22m[39m
 [32m✓[39m src/stores/settingsStore.test.ts[2m > [22msettingsStore[2m > [22mexportSettings[2m > [22mshould format JSON with indentation[32m 1[2mms[22m[39m
 [32m✓[39m src/stores/settingsStore.test.ts[2m > [22msettingsStore[2m > [22mimportSettings[2m > [22mshould import valid settings JSON[32m 4[2mms[22m[39m
 [32m✓[39m src/stores/settingsStore.test.ts[2m > [22msettingsStore[2m > [22mimportSettings[2m > [22mshould return false for invalid JSON[32m 13[2mms[22m[39m
 [32m✓[39m src/stores/settingsStore.test.ts[2m > [22msettingsStore[2m > [22mimportSettings[2m > [22mshould repair corrupted settings with defaults[32m 2[2mms[22m[39m
 [32m✓[39m src/stores/settingsStore.test.ts[2m > [22msettingsStore[2m > [22mimportSettings[2m > [22mshould apply imported settings immediately[32m 3[2mms[22m[39m
 [32m✓[39m src/stores/settingsStore.test.ts[2m > [22msettingsStore[2m > [22mimportSettings[2m > [22mshould handle legacy format without version[32m 8[2mms[22m[39m
 [32m✓[39m src/stores/settingsStore.test.ts[2m > [22msettingsStore[2m > [22minitializeSettings[2m > [22mshould apply all settings on initialization[32m 1[2mms[22m[39m
 [31m×[39m src/stores/settingsStore.test.ts[2m > [22msettingsStore[2m > [22minitializeSettings[2m > [22mshould detect system theme preference for auto theme[32m 17[2mms[22m[39m
[31m   → expected "vi.fn()" to be called with arguments: [ 'theme-dark' ][90m

Received: 

[1m  1st vi.fn() call:

[22m[2m  [[22m
[32m-   "theme-dark",[90m
[31m+   "font-medium",[90m
[2m  ][22m

[1m  2nd vi.fn() call:

[22m[2m  [[22m
[32m-   "theme-dark",[90m
[31m+   "density-comfortable",[90m
[2m  ][22m
[31m[90m

Number of calls: [1m2[22m
[31m[39m
 [32m✓[39m src/stores/settingsStore.test.ts[2m > [22msettingsStore[2m > [22mpersistence[2m > [22mshould persist settings to localStorage on update[32m 1[2mms[22m[39m
 [32m✓[39m src/utils/settingsMigration.test.ts[2m > [22msettingsMigration[2m > [22mmigrateSettings[2m > [22mshould return settings unchanged when versions match[32m 3[2mms[22m[39m
 [32m✓[39m src/utils/settingsMigration.test.ts[2m > [22msettingsMigration[2m > [22mmigrateSettings[2m > [22mshould throw error for unknown source version[32m 1[2mms[22m[39m
 [32m✓[39m src/utils/settingsMigration.test.ts[2m > [22msettingsMigration[2m > [22mmigrateSettings[2m > [22mshould throw error for unknown target version[32m 0[2mms[22m[39m
 [32m✓[39m src/utils/settingsMigration.test.ts[2m > [22msettingsMigration[2m > [22mmigrateSettings[2m > [22mshould handle downgrade gracefully by returning settings as-is[32m 0[2mms[22m[39m
 [32m✓[39m src/utils/settingsMigration.test.ts[2m > [22msettingsMigration[2m > [22mmigrateSettings[2m > [22mshould apply migrations sequentially from 1.0.0 to current[32m 0[2mms[22m[39m
 [32m✓[39m src/utils/settingsMigration.test.ts[2m > [22msettingsMigration[2m > [22mneedsMigration[2m > [22mshould return false for current version[32m 0[2mms[22m[39m
 [32m✓[39m src/utils/settingsMigration.test.ts[2m > [22msettingsMigration[2m > [22mneedsMigration[2m > [22mshould return true for older versions[32m 0[2mms[22m[39m
 [32m✓[39m src/utils/settingsMigration.test.ts[2m > [22msettingsMigration[2m > [22mneedsMigration[2m > [22mshould return false for future versions[32m 0[2mms[22m[39m
 [32m✓[39m src/utils/settingsMigration.test.ts[2m > [22msettingsMigration[2m > [22mvalidateSettings[2m > [22mshould validate complete settings object[32m 1[2mms[22m[39m
 [32m✓[39m src/utils/settingsMigration.test.ts[2m > [22msettingsMigration[2m > [22mvalidateSettings[2m > [22mshould reject null settings[32m 0[2mms[22m[39m
 [32m✓[39m src/utils/settingsMigration.test.ts[2m > [22msettingsMigration[2m > [22mvalidateSettings[2m > [22mshould reject undefined settings[32m 0[2mms[22m[39m
 [32m✓[39m src/utils/settingsMigration.test.ts[2m > [22msettingsMigration[2m > [22mvalidateSettings[2m > [22mshould reject non-object settings[32m 0[2mms[22m[39m
 [32m✓[39m src/utils/settingsMigration.test.ts[2m > [22msettingsMigration[2m > [22mvalidateSettings[2m > [22mshould reject settings missing required fields[32m 0[2mms[22m[39m
 [32m✓[39m src/utils/settingsMigration.test.ts[2m > [22msettingsMigration[2m > [22mvalidateSettings[2m > [22mshould accept settings with all required fields[32m 0[2mms[22m[39m
 [32m✓[39m src/utils/settingsMigration.test.ts[2m > [22msettingsMigration[2m > [22mrepairSettings[2m > [22mshould return valid settings unchanged[32m 0[2mms[22m[39m
 [32m✓[39m src/utils/settingsMigration.test.ts[2m > [22msettingsMigration[2m > [22mrepairSettings[2m > [22mshould merge invalid settings with defaults[32m 1[2mms[22m[39m
 [32m✓[39m src/utils/settingsMigration.test.ts[2m > [22msettingsMigration[2m > [22mrepairSettings[2m > [22mshould preserve valid fields and fill missing ones[32m 1[2mms[22m[39m
 [32m✓[39m src/utils/settingsMigration.test.ts[2m > [22msettingsMigration[2m > [22mcreateRollback[2m > [22mshould create a rollback function that restores settings[32m 2[2mms[22m[39m
 [32m✓[39m src/utils/settingsMigration.test.ts[2m > [22msettingsMigration[2m > [22mcreateRollback[2m > [22mshould create an independent copy for rollback[32m 0[2mms[22m[39m
 [32m✓[39m src/utils/settingsMigration.test.ts[2m > [22msettingsMigration[2m > [22mcreateSettingsExport[2m > [22mshould create export with version and timestamp[32m 2[2mms[22m[39m
 [32m✓[39m src/utils/settingsMigration.test.ts[2m > [22msettingsMigration[2m > [22mcreateSettingsExport[2m > [22mshould include platform metadata[32m 1[2mms[22m[39m
 [32m✓[39m src/utils/settingsMigration.test.ts[2m > [22msettingsMigration[2m > [22mcreateSettingsExport[2m > [22mshould create valid ISO timestamp[32m 1[2mms[22m[39m
 [32m✓[39m src/utils/settingsMigration.test.ts[2m > [22msettingsMigration[2m > [22mimportSettingsWithMigration[2m > [22mshould import current version settings without migration[32m 1[2mms[22m[39m
 [32m✓[39m src/utils/settingsMigration.test.ts[2m > [22msettingsMigration[2m > [22mimportSettingsWithMigration[2m > [22mshould handle legacy format (plain settings object)[32m 0[2mms[22m[39m
 [32m✓[39m src/utils/settingsMigration.test.ts[2m > [22msettingsMigration[2m > [22mimportSettingsWithMigration[2m > [22mshould migrate older version settings[32m 0[2mms[22m[39m
 [32m✓[39m src/utils/settingsMigration.test.ts[2m > [22msettingsMigration[2m > [22mimportSettingsWithMigration[2m > [22mshould repair invalid imported settings[32m 0[2mms[22m[39m
 [32m✓[39m src/utils/settingsMigration.test.ts[2m > [22msettingsMigration[2m > [22mimportSettingsWithMigration[2m > [22mshould repair severely corrupted data with defaults[32m 0[2mms[22m[39m
 [32m✓[39m src/utils/settingsMigration.test.ts[2m > [22msettingsMigration[2m > [22mimportSettingsWithMigration[2m > [22mshould handle missing version field gracefully[32m 0[2mms[22m[39m
 [32m✓[39m src/utils/settingsMigration.test.ts[2m > [22msettingsMigration[2m > [22medge cases[2m > [22mshould handle empty settings object[32m 1[2mms[22m[39m
 [32m✓[39m src/utils/settingsMigration.test.ts[2m > [22msettingsMigration[2m > [22medge cases[2m > [22mshould handle settings with extra fields[32m 0[2mms[22m[39m
 [32m✓[39m src/utils/settingsMigration.test.ts[2m > [22msettingsMigration[2m > [22medge cases[2m > [22mshould preserve extra fields during repair[32m 0[2mms[22m[39m
[90mstdout[2m | src/services/placementService.test.ts[2m > [22m[2mplacementService[2m > [22m[2mmanuallyRecalculatePlacements[2m > [22m[2mshould handle case-insensitive nationals detection
[22m[39m🔄 Manual placement recalculation requested for class [33m101[39m

[90mstdout[2m | src/services/placementService.test.ts[2m > [22m[2mplacementService[2m > [22m[2mmanuallyRecalculatePlacements[2m > [22m[2mshould handle case-insensitive nationals detection
[22m[39m✅ Recalculated placements for class(es) 101

[90mstdout[2m | src/services/placementService.test.ts[2m > [22m[2mplacementService[2m > [22m[2mmanuallyRecalculatePlacements[2m > [22m[2mshould handle case-insensitive nationals detection
[22m[39m✅ Manual placement recalculation completed for class [33m101[39m

[90mstdout[2m | src/services/placementService.test.ts[2m > [22m[2mplacementService[2m > [22m[2mmanuallyRecalculatePlacements[2m > [22m[2mshould default to false for nationals flag if show_type is null
[22m[39m🔄 Manual placement recalculation requested for class [33m101[39m

 [32m✓[39m src/stores/settingsStore.test.ts[2m > [22msettingsStore[2m > [22mdefault values[2m > [22mshould have correct default theme[32m 2[2mms[22m[39m
 [32m✓[39m src/stores/settingsStore.test.ts[2m > [22msettingsStore[2m > [22mdefault values[2m > [22mshould have correct default font size[32m 0[2mms[22m[39m
 [32m✓[39m src/stores/settingsStore.test.ts[2m > [22msettingsStore[2m > [22mdefault values[2m > [22mshould have correct default density[32m 0[2mms[22m[39m
 [32m✓[39m src/stores/settingsStore.test.ts[2m > [22msettingsStore[2m > [22mdefault values[2m > [22mshould have correct default performance mode[32m 0[2mms[22m[39m
 [32m✓[39m src/stores/settingsStore.test.ts[2m > [22msettingsStore[2m > [22mdefault values[2m > [22mshould have haptic feedback enabled by default[32m 0[2mms[22m[39m
 [32m✓[39m src/stores/settingsStore.test.ts[2m > [22msettingsStore[2m > [22mdefault values[2m > [22mshould have real-time sync enabled by default[32m 0[2mms[22m[39m
 [32m✓[39m src/stores/settingsStore.test.ts[2m > [22msettingsStore[2m > [22mdefault values[2m > [22mshould have notifications enabled by default[32m 0[2mms[22m[39m
 [32m✓[39m src/stores/settingsStore.test.ts[2m > [22msettingsStore[2m > [22mdefault values[2m > [22mshould notify when 2 dogs ahead by default[32m 0[2mms[22m[39m
 [32m✓[39m src/stores/settingsStore.test.ts[2m > [22msettingsStore[2m > [22mdefault values[2m > [22mshould have 8-hour auto-logout by default[32m 0[2mms[22m[39m
 [32m✓[39m src/stores/settingsStore.test.ts[2m > [22msettingsStore[2m > [22mdefault values[2m > [22mshould have developer mode disabled by default[32m 0[2mms[22m[39m
 [32m✓[39m src/stores/settingsStore.test.ts[2m > [22msettingsStore[2m > [22medge cases[2m > [22mshould handle rapid consecutive updates[32m 1[2mms[22m[39m
 [32m✓[39m src/stores/settingsStore.test.ts[2m > [22msettingsStore[2m > [22medge cases[2m > [22mshould handle empty update object[32m 1[2mms[22m[39m
 [32m✓[39m src/stores/settingsStore.test.ts[2m > [22msettingsStore[2m > [22medge cases[2m > [22mshould handle partial settings import[32m 1[2mms[22m[39m
[90mstdout[2m | src/services/placementService.test.ts[2m > [22m[2mplacementService[2m > [22m[2mmanuallyRecalculatePlacements[2m > [22m[2mshould default to false for nationals flag if show_type is null
[22m[39m✅ Recalculated placements for class(es) 101

[90mstdout[2m | src/services/placementService.test.ts[2m > [22m[2mplacementService[2m > [22m[2mmanuallyRecalculatePlacements[2m > [22m[2mshould default to false for nationals flag if show_type is null
[22m[39m✅ Manual placement recalculation completed for class [33m101[39m

 [32m✓[39m src/stores/entryStore.test.ts[2m > [22mentryStore[2m > [22msetEntries[2m > [22mshould set entries and update total count[32m 5[2mms[22m[39m
 [32m✓[39m src/stores/entryStore.test.ts[2m > [22mentryStore[2m > [22msetCurrentClassEntries[2m > [22mshould filter entries by class ID[32m 3[2mms[22m[39m
 [32m✓[39m src/stores/entryStore.test.ts[2m > [22mentryStore[2m > [22mupdateEntry[2m > [22mshould update entry in all relevant arrays[32m 1[2mms[22m[39m
 [32m✓[39m src/stores/entryStore.test.ts[2m > [22mentryStore[2m > [22mupdateEntry[2m > [22mshould not update entries that do not match ID[32m 1[2mms[22m[39m
 [32m✓[39m src/stores/entryStore.test.ts[2m > [22mentryStore[2m > [22mmarkAsScored[2m > [22mshould mark entry as scored with result[32m 1[2mms[22m[39m
 [32m✓[39m src/stores/entryStore.test.ts[2m > [22mentryStore[2m > [22mmarkInRing[2m > [22mshould update in-ring status[32m 1[2mms[22m[39m
 [32m✓[39m src/stores/entryStore.test.ts[2m > [22mentryStore[2m > [22mfilters[2m > [22mshould update filters and reset page[32m 0[2mms[22m[39m
 [32m✓[39m src/stores/entryStore.test.ts[2m > [22mentryStore[2m > [22mfilters[2m > [22mshould reset all filters[32m 1[2mms[22m[39m
 [32m✓[39m src/stores/entryStore.test.ts[2m > [22mentryStore[2m > [22mpagination[2m > [22mshould navigate to next page[32m 1[2mms[22m[39m
 [32m✓[39m src/stores/entryStore.test.ts[2m > [22mentryStore[2m > [22mpagination[2m > [22mshould navigate to previous page[32m 1[2mms[22m[39m
 [32m✓[39m src/stores/entryStore.test.ts[2m > [22mentryStore[2m > [22mpagination[2m > [22mshould not go below page 1[32m 0[2mms[22m[39m
 [32m✓[39m src/stores/entryStore.test.ts[2m > [22mentryStore[2m > [22mpagination[2m > [22mshould not exceed max page[32m 0[2mms[22m[39m
 [32m✓[39m src/stores/entryStore.test.ts[2m > [22mentryStore[2m > [22mgetFilteredEntries[2m > [22mshould filter by scored status[32m 2[2mms[22m[39m
 [32m✓[39m src/stores/entryStore.test.ts[2m > [22mentryStore[2m > [22mgetFilteredEntries[2m > [22mshould filter by unscored status[32m 1[2mms[22m[39m
 [32m✓[39m src/stores/entryStore.test.ts[2m > [22mentryStore[2m > [22mgetFilteredEntries[2m > [22mshould search by call name[32m 1[2mms[22m[39m
 [32m✓[39m src/stores/entryStore.test.ts[2m > [22mentryStore[2m > [22mgetFilteredEntries[2m > [22mshould search by handler[32m 1[2mms[22m[39m
 [32m✓[39m src/stores/entryStore.test.ts[2m > [22mentryStore[2m > [22mgetFilteredEntries[2m > [22mshould sort by armband ascending[32m 1[2mms[22m[39m
 [32m✓[39m src/stores/entryStore.test.ts[2m > [22mentryStore[2m > [22mgetFilteredEntries[2m > [22mshould sort by call name descending[32m 21[2mms[22m[39m
 [32m✓[39m src/stores/entryStore.test.ts[2m > [22mentryStore[2m > [22mutility functions[2m > [22mshould get entry by armband[32m 1[2mms[22m[39m
 [32m✓[39m src/stores/entryStore.test.ts[2m > [22mentryStore[2m > [22mutility functions[2m > [22mshould return undefined for non-existent armband[32m 0[2mms[22m[39m
 [32m✓[39m src/stores/entryStore.test.ts[2m > [22mentryStore[2m > [22mutility functions[2m > [22mshould get pending entries[32m 1[2mms[22m[39m
 [32m✓[39m src/stores/entryStore.test.ts[2m > [22mentryStore[2m > [22mutility functions[2m > [22mshould get scored entries[32m 1[2mms[22m[39m
 [32m✓[39m src/services/placementService.test.ts[2m > [22mplacementService[2m > [22mrecalculatePlacementsForClass[2m > [22mshould recalculate placements for a single class[32m 8[2mms[22m[39m
 [32m✓[39m src/services/placementService.test.ts[2m > [22mplacementService[2m > [22mrecalculatePlacementsForClass[2m > [22mshould recalculate placements for multiple classes[32m 2[2mms[22m[39m
 [32m✓[39m src/services/placementService.test.ts[2m > [22mplacementService[2m > [22mrecalculatePlacementsForClass[2m > [22mshould use nationals flag when specified[32m 1[2mms[22m[39m
 [32m✓[39m src/services/placementService.test.ts[2m > [22mplacementService[2m > [22mrecalculatePlacementsForClass[2m > [22mshould throw error when RPC call fails[32m 7[2mms[22m[39m
 [32m✓[39m src/services/placementService.test.ts[2m > [22mplacementService[2m > [22mrecalculatePlacementsForClass[2m > [22mshould handle exceptions from supabase[32m 11[2mms[22m[39m
 [32m✓[39m src/services/placementService.test.ts[2m > [22mplacementService[2m > [22mrecalculatePlacementsForClass[2m > [22mshould normalize single class ID to array[32m 2[2mms[22m[39m
 [32m✓[39m src/services/placementService.test.ts[2m > [22mplacementService[2m > [22mgetEntryPlacement[2m > [22mshould return placement for a valid entry[32m 2[2mms[22m[39m
 [32m✓[39m src/services/placementService.test.ts[2m > [22mplacementService[2m > [22mgetEntryPlacement[2m > [22mshould return null when entry is not found[32m 1[2mms[22m[39m
 [32m✓[39m src/services/placementService.test.ts[2m > [22mplacementService[2m > [22mgetEntryPlacement[2m > [22mshould return null when query throws exception[32m 3[2mms[22m[39m
 [32m✓[39m src/services/placementService.test.ts[2m > [22mplacementService[2m > [22mgetEntryPlacement[2m > [22mshould handle placement of null (unplaced entry)[32m 1[2mms[22m[39m
 [32m✓[39m src/services/placementService.test.ts[2m > [22mplacementService[2m > [22mgetEntryPlacement[2m > [22mshould return placement of 0 for NQ entries[32m 1[2mms[22m[39m
 [32m✓[39m src/services/placementService.test.ts[2m > [22mplacementService[2m > [22mmanuallyRecalculatePlacements[2m > [22mshould recalculate placements for regular show[32m 4[2mms[22m[39m
 [32m✓[39m src/services/placementService.test.ts[2m > [22mplacementService[2m > [22mmanuallyRecalculatePlacements[2m > [22mshould detect nationals competition and use correct flag[32m 18[2mms[22m[39m
 [32m✓[39m src/services/placementService.test.ts[2m > [22mplacementService[2m > [22mmanuallyRecalculatePlacements[2m > [22mshould throw error when class data fetch fails[32m 3[2mms[22m[39m
 [32m✓[39m src/services/placementService.test.ts[2m > [22mplacementService[2m > [22mmanuallyRecalculatePlacements[2m > [22mshould throw error when placement recalculation fails[32m 2[2mms[22m[39m
 [32m✓[39m src/services/placementService.test.ts[2m > [22mplacementService[2m > [22mmanuallyRecalculatePlacements[2m > [22mshould handle case-insensitive nationals detection[32m 1[2mms[22m[39m
 [32m✓[39m src/services/placementService.test.ts[2m > [22mplacementService[2m > [22mmanuallyRecalculatePlacements[2m > [22mshould default to false for nationals flag if show_type is null[32m 1[2mms[22m[39m
 [32m✓[39m src/services/authService.test.ts[2m > [22mauthService[2m > [22mauthenticatePasscode[2m > [22mshould successfully authenticate a valid passcode[32m 8[2mms[22m[39m
 [32m✓[39m src/services/authService.test.ts[2m > [22mauthService[2m > [22mauthenticatePasscode[2m > [22mshould return null when no shows exist[32m 1[2mms[22m[39m
 [32m✓[39m src/services/authService.test.ts[2m > [22mauthService[2m > [22mauthenticatePasscode[2m > [22mshould return null when passcode does not match any show[32m 1[2mms[22m[39m
 [32m✓[39m src/services/authService.test.ts[2m > [22mauthService[2m > [22mauthenticatePasscode[2m > [22mshould return null when database query fails[32m 3[2mms[22m[39m
 [32m✓[39m src/services/authService.test.ts[2m > [22mauthService[2m > [22mauthenticatePasscode[2m > [22mshould handle trial fetch errors gracefully[32m 2[2mms[22m[39m
 [32m✓[39m src/services/authService.test.ts[2m > [22mauthService[2m > [22mauthenticatePasscode[2m > [22mshould handle empty trials array[32m 1[2mms[22m[39m
 [32m✓[39m src/services/authService.test.ts[2m > [22mauthService[2m > [22mgetShowByLicenseKey[2m > [22mshould retrieve show data by license key[32m 1[2mms[22m[39m
 [32m✓[39m src/services/authService.test.ts[2m > [22mauthService[2m > [22mgetShowByLicenseKey[2m > [22mshould return null when show is not found[32m 2[2mms[22m[39m
 [32m✓[39m src/services/authService.test.ts[2m > [22mauthService[2m > [22mgetShowByLicenseKey[2m > [22mshould handle database errors gracefully[32m 9[2mms[22m[39m
 [32m✓[39m src/services/authService.test.ts[2m > [22mauthService[2m > [22mgetShowByLicenseKey[2m > [22mshould use fallback organization from license data[32m 1[2mms[22m[39m
 [32m✓[39m src/services/authService.test.ts[2m > [22mauthService[2m > [22mtestDatabaseConnection[2m > [22mshould return true when database connection is successful[32m 2[2mms[22m[39m
 [32m✓[39m src/services/authService.test.ts[2m > [22mauthService[2m > [22mtestDatabaseConnection[2m > [22mshould return false when database query returns an error[32m 1[2mms[22m[39m
 [32m✓[39m src/services/authService.test.ts[2m > [22mauthService[2m > [22mtestDatabaseConnection[2m > [22mshould return false when database query throws an exception[32m 2[2mms[22m[39m
 [32m✓[39m src/services/smartDefaults.test.ts[2m > [22msmartDefaults[2m > [22mdetectDefaultsContext[2m > [22mshould detect device tier[32m 5[2mms[22m[39m
 [32m✓[39m src/services/smartDefaults.test.ts[2m > [22msmartDefaults[2m > [22mdetectDefaultsContext[2m > [22mshould detect connection type[32m 1[2mms[22m[39m
 [32m✓[39m src/services/smartDefaults.test.ts[2m > [22msmartDefaults[2m > [22mdetectDefaultsContext[2m > [22mshould detect connection quality[32m 1[2mms[22m[39m
 [32m✓[39m src/services/smartDefaults.test.ts[2m > [22msmartDefaults[2m > [22mdetectDefaultsContext[2m > [22mshould detect first launch when no settings exist[32m 1[2mms[22m[39m
 [32m✓[39m src/services/smartDefaults.test.ts[2m > [22msmartDefaults[2m > [22mdetectDefaultsContext[2m > [22mshould detect non-first launch when settings exist[32m 1[2mms[22m[39m
 [32m✓[39m src/services/smartDefaults.test.ts[2m > [22msmartDefaults[2m > [22mdetectDefaultsContext[2m > [22mshould include user role when provided[32m 0[2mms[22m[39m
 [32m✓[39m src/services/smartDefaults.test.ts[2m > [22msmartDefaults[2m > [22mdetectDefaultsContext[2m > [22mshould detect battery level when available[32m 1[2mms[22m[39m
 [32m✓[39m src/services/smartDefaults.test.ts[2m > [22msmartDefaults[2m > [22mdetectDefaultsContext[2m > [22mshould detect charging status[32m 0[2mms[22m[39m
 [31m×[39m src/services/smartDefaults.test.ts[2m > [22msmartDefaults[2m > [22mgenerateSmartDefaults[2m > [22mshould generate defaults for medium-tier device[32m 15[2mms[22m[39m
[31m   → expected undefined to be 'auto' // Object.is equality[39m
 [31m×[39m src/services/smartDefaults.test.ts[2m > [22msmartDefaults[2m > [22mgenerateSmartDefaults[2m > [22mshould optimize for low-tier device[32m 2[2mms[22m[39m
[31m   → expected undefined to be 'low' // Object.is equality[39m
 [31m×[39m src/services/smartDefaults.test.ts[2m > [22msmartDefaults[2m > [22mgenerateSmartDefaults[2m > [22mshould enable full features for high-tier device[32m 2[2mms[22m[39m
[31m   → expected undefined to be 'high' // Object.is equality[39m
 [32m✓[39m src/services/smartDefaults.test.ts[2m > [22msmartDefaults[2m > [22mgenerateSmartDefaults[2m > [22mshould disable animations when battery is low[32m 1[2mms[22m[39m
 [31m×[39m src/services/smartDefaults.test.ts[2m > [22msmartDefaults[2m > [22mgenerateSmartDefaults[2m > [22mshould enable WiFi-only sync on cellular[32m 2[2mms[22m[39m
[31m   → expected undefined to be true // Object.is equality[39m
 [31m×[39m src/services/smartDefaults.test.ts[2m > [22msmartDefaults[2m > [22mgenerateSmartDefaults[2m > [22mshould apply judge role defaults[32m 2[2mms[22m[39m
[31m   → expected undefined to be 'immediate' // Object.is equality[39m
 [31m×[39m src/services/smartDefaults.test.ts[2m > [22msmartDefaults[2m > [22mgenerateSmartDefaults[2m > [22mshould apply exhibitor role defaults[32m 1[2mms[22m[39m
[31m   → expected undefined to be 'always' // Object.is equality[39m
 [32m✓[39m src/services/smartDefaults.test.ts[2m > [22msmartDefaults[2m > [22mgenerateSmartDefaults[2m > [22mshould detect system theme preference[32m 1[2mms[22m[39m
 [32m✓[39m src/services/smartDefaults.test.ts[2m > [22msmartDefaults[2m > [22mapplySmartDefaults[2m > [22mshould fill in missing settings without force reset[32m 1[2mms[22m[39m
 [32m✓[39m src/services/smartDefaults.test.ts[2m > [22msmartDefaults[2m > [22mapplySmartDefaults[2m > [22mshould preserve existing settings without force reset[32m 1[2mms[22m[39m
 [32m✓[39m src/services/smartDefaults.test.ts[2m > [22msmartDefaults[2m > [22mapplySmartDefaults[2m > [22mshould override all settings with force reset[32m 1[2mms[22m[39m
 [31m×[39m src/services/smartDefaults.test.ts[2m > [22msmartDefaults[2m > [22mgetRecommendedSettings[2m > [22mshould return battery-saver preset[32m 2[2mms[22m[39m
[31m   → expected undefined to be 'low' // Object.is equality[39m
 [31m×[39m src/services/smartDefaults.test.ts[2m > [22msmartDefaults[2m > [22mgetRecommendedSettings[2m > [22mshould return performance preset[32m 2[2mms[22m[39m
[31m   → expected undefined to be 'high' // Object.is equality[39m
 [31m×[39m src/services/smartDefaults.test.ts[2m > [22msmartDefaults[2m > [22mgetRecommendedSettings[2m > [22mshould return data-saver preset[32m 2[2mms[22m[39m
[31m   → expected undefined to be 'low' // Object.is equality[39m
 [31m×[39m src/services/smartDefaults.test.ts[2m > [22msmartDefaults[2m > [22mgetRecommendedSettings[2m > [22mshould return balanced preset as default[32m 2[2mms[22m[39m
[31m   → expected undefined to be 'auto' // Object.is equality[39m
 [32m✓[39m src/services/smartDefaults.test.ts[2m > [22msmartDefaults[2m > [22mvalidateSettings[2m > [22mshould validate settings for current device[32m 1[2mms[22m[39m
 [32m✓[39m src/services/smartDefaults.test.ts[2m > [22msmartDefaults[2m > [22mvalidateSettings[2m > [22mshould warn about animations on low-end device[32m 14[2mms[22m[39m
 [31m×[39m src/services/smartDefaults.test.ts[2m > [22msmartDefaults[2m > [22mvalidateSettings[2m > [22mshould warn about high image quality on cellular[32m 8[2mms[22m[39m
[31m   → expected undefined to be 'medium' // Object.is equality[39m
 [32m✓[39m src/services/smartDefaults.test.ts[2m > [22msmartDefaults[2m > [22mvalidateSettings[2m > [22mshould return valid for optimal settings[32m 2[2mms[22m[39m
 [32m✓[39m src/services/smartDefaults.test.ts[2m > [22msmartDefaults[2m > [22mgetOptimizationSuggestions[2m > [22mshould provide categorized suggestions[32m 6[2mms[22m[39m
 [32m✓[39m src/services/smartDefaults.test.ts[2m > [22msmartDefaults[2m > [22mgetOptimizationSuggestions[2m > [22mshould include performance category for visual settings[32m 4[2mms[22m[39m
 [31m×[39m src/services/smartDefaults.test.ts[2m > [22msmartDefaults[2m > [22mautoOptimizeSettings[2m > [22mshould apply battery-saver scenario[32m 5[2mms[22m[39m
[31m   → expected 'auto' to be 'low' // Object.is equality[39m
 [31m×[39m src/services/smartDefaults.test.ts[2m > [22msmartDefaults[2m > [22mautoOptimizeSettings[2m > [22mshould apply performance scenario[32m 2[2mms[22m[39m
[31m   → expected 'auto' to be 'high' // Object.is equality[39m
 [32m✓[39m src/services/smartDefaults.test.ts[2m > [22msmartDefaults[2m > [22mautoOptimizeSettings[2m > [22mshould apply smart recommendations without scenario[32m 1[2mms[22m[39m
 [32m✓[39m src/services/smartDefaults.test.ts[2m > [22msmartDefaults[2m > [22mautoOptimizeSettings[2m > [22mshould preserve non-optimized settings[32m 0[2mms[22m[39m
 [32m✓[39m src/services/smartDefaults.test.ts[2m > [22msmartDefaults[2m > [22medge cases[2m > [22mshould handle missing battery API gracefully[32m 1[2mms[22m[39m
 [32m✓[39m src/services/smartDefaults.test.ts[2m > [22msmartDefaults[2m > [22medge cases[2m > [22mshould handle battery API errors gracefully[32m 1[2mms[22m[39m
 [31m×[39m src/services/smartDefaults.test.ts[2m > [22msmartDefaults[2m > [22medge cases[2m > [22mshould handle unknown user roles[32m 2[2mms[22m[39m
[31m   → expected undefined to be defined[39m
 [32m✓[39m src/services/replication/tables/__tests__/ReplicatedEntriesTable.test.ts[2m > [22mReplicatedEntriesTable[2m > [22mCRUD Operations[2m > [22mshould set and get a single entry[32m 46[2mms[22m[39m
 [32m✓[39m src/services/replication/tables/__tests__/ReplicatedEntriesTable.test.ts[2m > [22mReplicatedEntriesTable[2m > [22mCRUD Operations[2m > [22mshould return null for non-existent entry[32m 1[2mms[22m[39m
 [32m✓[39m src/services/replication/tables/__tests__/ReplicatedEntriesTable.test.ts[2m > [22mReplicatedEntriesTable[2m > [22mCRUD Operations[2m > [22mshould update an existing entry[32m 5[2mms[22m[39m
 [32m✓[39m src/services/replication/tables/__tests__/ReplicatedEntriesTable.test.ts[2m > [22mReplicatedEntriesTable[2m > [22mCRUD Operations[2m > [22mshould delete an entry[32m 3[2mms[22m[39m
 [32m✓[39m src/services/replication/tables/__tests__/ReplicatedEntriesTable.test.ts[2m > [22mReplicatedEntriesTable[2m > [22mCRUD Operations[2m > [22mshould batch set multiple entries[32m 3[2mms[22m[39m
 [32m✓[39m src/services/replication/tables/__tests__/ReplicatedEntriesTable.test.ts[2m > [22mReplicatedEntriesTable[2m > [22mCRUD Operations[2m > [22mshould batch delete multiple entries[32m 3[2mms[22m[39m
 [32m✓[39m src/services/replication/tables/__tests__/ReplicatedEntriesTable.test.ts[2m > [22mReplicatedEntriesTable[2m > [22mQuery Methods[2m > [22mshould get entries by class ID[32m 2[2mms[22m[39m
 [32m✓[39m src/services/replication/tables/__tests__/ReplicatedEntriesTable.test.ts[2m > [22mReplicatedEntriesTable[2m > [22mQuery Methods[2m > [22mshould get entry by armband number[32m 4[2mms[22m[39m
 [32m✓[39m src/services/replication/tables/__tests__/ReplicatedEntriesTable.test.ts[2m > [22mReplicatedEntriesTable[2m > [22mQuery Methods[2m > [22mshould return null for non-existent armband[32m 5[2mms[22m[39m
 [32m✓[39m src/services/replication/tables/__tests__/ReplicatedEntriesTable.test.ts[2m > [22mReplicatedEntriesTable[2m > [22mQuery Methods[2m > [22mshould filter by license key[32m 5[2mms[22m[39m
 [32m✓[39m src/services/replication/tables/__tests__/ReplicatedEntriesTable.test.ts[2m > [22mReplicatedEntriesTable[2m > [22mHelper Methods[2m > [22mshould update entry status optimistically[32m 7[2mms[22m[39m
 [32m✓[39m src/services/replication/tables/__tests__/ReplicatedEntriesTable.test.ts[2m > [22mReplicatedEntriesTable[2m > [22mHelper Methods[2m > [22mshould mark entry as scored[32m 6[2mms[22m[39m
[90mstdout[2m | src/services/announcementService.test.ts[2m > [22m[2mAnnouncementService[2m > [22m[2mgetAnnouncements[2m > [22m[2mshould fetch announcements with default filters
[22m[39m📢 [AnnouncementService] Fetching from replicated cache...

[90mstdout[2m | src/services/announcementService.test.ts[2m > [22m[2mAnnouncementService[2m > [22m[2mgetAnnouncements[2m > [22m[2mshould fetch announcements with default filters
[22m[39m✅ [AnnouncementService] Loaded 0 announcements from cache

[90mstdout[2m | src/services/announcementService.test.ts[2m > [22m[2mAnnouncementService[2m > [22m[2mgetAnnouncements[2m > [22m[2mshould filter by priority
[22m[39m📢 [AnnouncementService] Fetching from replicated cache...

[90mstdout[2m | src/services/announcementService.test.ts[2m > [22m[2mAnnouncementService[2m > [22m[2mgetAnnouncements[2m > [22m[2mshould filter by priority
[22m[39m✅ [AnnouncementService] Loaded 0 announcements from cache

[90mstdout[2m | src/services/announcementService.test.ts[2m > [22m[2mAnnouncementService[2m > [22m[2mgetAnnouncements[2m > [22m[2mshould filter by author role
[22m[39m📢 [AnnouncementService] Fetching from replicated cache...

[90mstdout[2m | src/services/announcementService.test.ts[2m > [22m[2mAnnouncementService[2m > [22m[2mgetAnnouncements[2m > [22m[2mshould filter by author role
[22m[39m✅ [AnnouncementService] Loaded 0 announcements from cache

[90mstdout[2m | src/services/announcementService.test.ts[2m > [22m[2mAnnouncementService[2m > [22m[2mgetAnnouncements[2m > [22m[2mshould apply search filter
[22m[39m📢 [AnnouncementService] Fetching from replicated cache...

[90mstdout[2m | src/services/announcementService.test.ts[2m > [22m[2mAnnouncementService[2m > [22m[2mgetAnnouncements[2m > [22m[2mshould apply search filter
[22m[39m✅ [AnnouncementService] Loaded 0 announcements from cache

[90mstdout[2m | src/services/announcementService.test.ts[2m > [22m[2mAnnouncementService[2m > [22m[2mgetAnnouncements[2m > [22m[2mshould apply pagination
[22m[39m📢 [AnnouncementService] Fetching from replicated cache...

[90mstdout[2m | src/services/announcementService.test.ts[2m > [22m[2mAnnouncementService[2m > [22m[2mgetAnnouncements[2m > [22m[2mshould apply pagination
[22m[39m✅ [AnnouncementService] Loaded 0 announcements from cache

[90mstdout[2m | src/services/announcementService.test.ts[2m > [22m[2mAnnouncementService[2m > [22m[2mgetAnnouncements[2m > [22m[2mshould throw error when query fails
[22m[39m📢 [AnnouncementService] Fetching from replicated cache...

[90mstdout[2m | src/services/announcementService.test.ts[2m > [22m[2mAnnouncementService[2m > [22m[2mgetAnnouncements[2m > [22m[2mshould throw error when query fails
[22m[39m✅ [AnnouncementService] Loaded 0 announcements from cache

[90mstdout[2m | src/services/announcementService.test.ts[2m > [22m[2mAnnouncementService[2m > [22m[2mgetAnnouncements[2m > [22m[2mshould return empty array when no announcements found
[22m[39m📢 [AnnouncementService] Fetching from replicated cache...

[90mstdout[2m | src/services/announcementService.test.ts[2m > [22m[2mAnnouncementService[2m > [22m[2mgetAnnouncements[2m > [22m[2mshould return empty array when no announcements found
[22m[39m✅ [AnnouncementService] Loaded 0 announcements from cache

[90mstdout[2m | src/services/announcementService.test.ts[2m > [22m[2mAnnouncementService[2m > [22m[2mcreateAnnouncement[2m > [22m[2mshould create a new announcement
[22m[39m✅ Created announcement: New Announcement

[90mstdout[2m | src/services/syncManager.test.ts[2m > [22m[2mSyncManager[2m > [22m[2msubscribe[2m > [22m[2mshould notify listener on state changes
[22m[39m⏸️ Pausing real-time sync
🔌 Unsubscribing from all 0 subscriptions
▶️ Resuming real-time sync

[90mstdout[2m | src/services/syncManager.test.ts[2m > [22m[2mSyncManager[2m > [22m[2msubscribe[2m > [22m[2mshould stop notifying after unsubscribe
[22m[39m⏸️ Pausing real-time sync
🔌 Unsubscribing from all 0 subscriptions
▶️ Resuming real-time sync

[90mstdout[2m | src/services/syncManager.test.ts[2m > [22m[2mSyncManager[2m > [22m[2msubscribeToUpdates[2m > [22m[2mshould create a new subscription
[22m[39m🔌 Creating subscription: test-key
📝 Registered subscription: test-key (sync)
🔌 Unsubscribing from test-key
🗑️ Unregistered subscription: test-key

[90mstdout[2m | src/services/syncManager.test.ts[2m > [22m[2mSyncManager[2m > [22m[2msubscribeToUpdates[2m > [22m[2mshould unsubscribe old subscription if key already exists
[22m[39m🔌 Creating subscription: test-key
📝 Registered subscription: test-key (sync)
🔌 Unsubscribing from test-key
🗑️ Unregistered subscription: test-key
🔌 Creating subscription: test-key
📝 Registered subscription: test-key (sync)

[90mstdout[2m | src/services/syncManager.test.ts[2m > [22m[2mSyncManager[2m > [22m[2msubscribeToUpdates[2m > [22m[2mshould return unsubscribe function
[22m[39m🔌 Unsubscribing from test-key
🗑️ Unregistered subscription: test-key
🔌 Creating subscription: test-key
📝 Registered subscription: test-key (sync)
🔌 Unsubscribing from test-key
🗑️ Unregistered subscription: test-key

[90mstdout[2m | src/services/syncManager.test.ts[2m > [22m[2mSyncManager[2m > [22m[2msubscribeToUpdates[2m > [22m[2mshould handle subscription errors
[22m[39m🔌 Creating subscription: test-key
📝 Registered subscription: test-key (sync)

[90mstdout[2m | src/services/syncManager.test.ts[2m > [22m[2mSyncManager[2m > [22m[2munsubscribe[2m > [22m[2mshould unsubscribe from specific subscription
[22m[39m🔌 Unsubscribing from test-key
🗑️ Unregistered subscription: test-key
🔌 Creating subscription: test-key
📝 Registered subscription: test-key (sync)
🔌 Unsubscribing from test-key
🗑️ Unregistered subscription: test-key

[90mstdout[2m | src/services/syncManager.test.ts[2m > [22m[2mSyncManager[2m > [22m[2munsubscribeAll[2m > [22m[2mshould unsubscribe from all active subscriptions
[22m[39m🔌 Creating subscription: key1
📝 Registered subscription: key1 (sync)
🔌 Creating subscription: key2
📝 Registered subscription: key2 (sync)
🔌 Unsubscribing from all 2 subscriptions
🗑️ Unregistered subscription: key1
🗑️ Unregistered subscription: key2

[90mstdout[2m | src/services/syncManager.test.ts[2m > [22m[2mSyncManager[2m > [22m[2mpauseSync[2m > [22m[2mshould pause sync and update state
[22m[39m⏸️ Pausing real-time sync
🔌 Unsubscribing from all 0 subscriptions

[90mstdout[2m | src/services/syncManager.test.ts[2m > [22m[2mSyncManager[2m > [22m[2mpauseSync[2m > [22m[2mshould unsubscribe all subscriptions
[22m[39m🔌 Creating subscription: key
📝 Registered subscription: key (sync)
⏸️ Pausing real-time sync
🔌 Unsubscribing from all 1 subscriptions
🗑️ Unregistered subscription: key

[90mstdout[2m | src/services/syncManager.test.ts[2m > [22m[2mSyncManager[2m > [22m[2mresumeSync[2m > [22m[2mshould resume sync and update state
[22m[39m⏸️ Pausing real-time sync
🔌 Unsubscribing from all 0 subscriptions
▶️ Resuming real-time sync

[90mstdout[2m | src/services/syncManager.test.ts[2m > [22m[2mSyncManager[2m > [22m[2mqueueSync[2m > [22m[2mshould add operation to queue and update pending count
[22m[39m🔄 Processing 1 queued sync operations

[90mstdout[2m | src/services/syncManager.test.ts[2m > [22m[2mSyncManager[2m > [22m[2mqueueSync[2m > [22m[2mshould process queue immediately
[22m[39m🔄 Processing 1 queued sync operations

 [31m×[39m src/services/announcementService.test.ts[2m > [22mAnnouncementService[2m > [22mgetAnnouncements[2m > [22mshould fetch announcements with default filters[32m 33[2mms[22m[39m
[31m   → expected [] to deeply equal [ { id: 1, …(9) }, { id: 2, …(9) } ][39m
 [31m×[39m src/services/announcementService.test.ts[2m > [22mAnnouncementService[2m > [22mgetAnnouncements[2m > [22mshould filter by priority[32m 4[2mms[22m[39m
[31m   → expected "vi.fn()" to be called with arguments: [ 'priority', 'high' ][90m

Number of calls: [1m0[22m
[31m[39m
 [31m×[39m src/services/announcementService.test.ts[2m > [22mAnnouncementService[2m > [22mgetAnnouncements[2m > [22mshould filter by author role[32m 2[2mms[22m[39m
[31m   → expected "vi.fn()" to be called with arguments: [ 'author_role', 'judge' ][90m

Number of calls: [1m0[22m
[31m[39m
 [31m×[39m src/services/announcementService.test.ts[2m > [22mAnnouncementService[2m > [22mgetAnnouncements[2m > [22mshould apply search filter[32m 4[2mms[22m[39m
[31m   → expected "vi.fn()" to be called with arguments: [ StringContaining{…} ][90m

Number of calls: [1m0[22m
[31m[39m
 [31m×[39m src/services/announcementService.test.ts[2m > [22mAnnouncementService[2m > [22mgetAnnouncements[2m > [22mshould apply pagination[32m 3[2mms[22m[39m
[31m   → expected "vi.fn()" to be called with arguments: [ 10 ][90m

Number of calls: [1m0[22m
[31m[39m
 [31m×[39m src/services/announcementService.test.ts[2m > [22mAnnouncementService[2m > [22mgetAnnouncements[2m > [22mshould throw error when query fails[32m 4[2mms[22m[39m
[31m   → promise resolved "{ data: [], count: +0 }" instead of rejecting[39m
 [32m✓[39m src/services/announcementService.test.ts[2m > [22mAnnouncementService[2m > [22mgetAnnouncements[2m > [22mshould return empty array when no announcements found[32m 2[2mms[22m[39m
 [31m×[39m src/services/announcementService.test.ts[2m > [22mAnnouncementService[2m > [22mgetAnnouncement[2m > [22mshould fetch a specific announcement[32m 2[2mms[22m[39m
[31m   → expected null to deeply equal { id: 1, …(9) }[39m
 [32m✓[39m src/services/announcementService.test.ts[2m > [22mAnnouncementService[2m > [22mgetAnnouncement[2m > [22mshould return null when announcement not found[32m 1[2mms[22m[39m
 [31m×[39m src/services/announcementService.test.ts[2m > [22mAnnouncementService[2m > [22mgetAnnouncement[2m > [22mshould throw error for other database errors[32m 1[2mms[22m[39m
[31m   → promise resolved "null" instead of rejecting[39m
 [32m✓[39m src/services/announcementService.test.ts[2m > [22mAnnouncementService[2m > [22mcreateAnnouncement[2m > [22mshould create a new announcement[32m 2[2mms[22m[39m
 [32m✓[39m src/services/announcementService.test.ts[2m > [22mAnnouncementService[2m > [22mcreateAnnouncement[2m > [22mshould throw error when creation fails[32m 3[2mms[22m[39m
 [31m×[39m src/services/announcementService.test.ts[2m > [22mAnnouncementService[2m > [22mupdateAnnouncement[2m > [22mshould update announcement when user has admin role[32m 3[2mms[22m[39m
[31m   → Announcement not found[39m
 [31m×[39m src/services/announcementService.test.ts[2m > [22mAnnouncementService[2m > [22mupdateAnnouncement[2m > [22mshould allow user to update their own role announcements[32m 1[2mms[22m[39m
[31m   → Announcement not found[39m
 [31m×[39m src/services/announcementService.test.ts[2m > [22mAnnouncementService[2m > [22mupdateAnnouncement[2m > [22mshould throw error when user lacks permission[32m 4[2mms[22m[39m
[31m   → expected [Function] to throw error including 'Insufficient permissions' but got 'Announcement not found'[39m
 [32m✓[39m src/services/announcementService.test.ts[2m > [22mAnnouncementService[2m > [22mupdateAnnouncement[2m > [22mshould throw error when announcement not found[32m 2[2mms[22m[39m
 [31m×[39m src/services/announcementService.test.ts[2m > [22mAnnouncementService[2m > [22mdeleteAnnouncement[2m > [22mshould soft delete announcement when user has admin role[32m 3[2mms[22m[39m
[31m   → Announcement not found[39m
 [31m×[39m src/services/announcementService.test.ts[2m > [22mAnnouncementService[2m > [22mdeleteAnnouncement[2m > [22mshould allow user to delete their own role announcements[32m 2[2mms[22m[39m
[31m   → Announcement not found[39m
 [31m×[39m src/services/announcementService.test.ts[2m > [22mAnnouncementService[2m > [22mdeleteAnnouncement[2m > [22mshould throw error when user lacks permission to delete[32m 3[2mms[22m[39m
[31m   → expected [Function] to throw error including 'Insufficient permissions' but got 'Announcement not found'[39m
 [31m×[39m src/services/announcementService.test.ts[2m > [22mAnnouncementService[2m > [22mmarkAsRead[2m > [22mshould mark announcement as read[32m 1[2mms[22m[39m
[31m   → __vite_ssr_import_0__.supabase.from(...).upsert is not a function[39m
 [31m×[39m src/services/announcementService.test.ts[2m > [22mAnnouncementService[2m > [22mmarkAsRead[2m > [22mshould handle duplicate read records gracefully[32m 2[2mms[22m[39m
[31m   → promise rejected "TypeError: __vite_ssr_import_0__.supabase…" instead of resolving[39m
 [32m✓[39m src/services/announcementService.test.ts[2m > [22mAnnouncementService[2m > [22mmarkAsRead[2m > [22mshould throw error for non-duplicate database errors[32m 1[2mms[22m[39m
 [32m✓[39m src/services/replication/tables/__tests__/ReplicatedEntriesTable.test.ts[2m > [22mReplicatedEntriesTable[2m > [22mTTL Expiration[2m > [22mshould expire old entries based on TTL[32m 165[2mms[22m[39m
 [32m✓[39m src/services/syncManager.test.ts[2m > [22mSyncManager[2m > [22mgetState[2m > [22mshould return current sync state[32m 3[2mms[22m[39m
 [32m✓[39m src/services/syncManager.test.ts[2m > [22mSyncManager[2m > [22mgetState[2m > [22mshould return a copy of state, not reference[32m 2[2mms[22m[39m
 [32m✓[39m src/services/syncManager.test.ts[2m > [22mSyncManager[2m > [22msubscribe[2m > [22mshould add listener and return unsubscribe function[32m 1[2mms[22m[39m
 [32m✓[39m src/services/syncManager.test.ts[2m > [22mSyncManager[2m > [22msubscribe[2m > [22mshould notify listener on state changes[32m 2[2mms[22m[39m
 [32m✓[39m src/services/syncManager.test.ts[2m > [22mSyncManager[2m > [22msubscribe[2m > [22mshould stop notifying after unsubscribe[32m 1[2mms[22m[39m
 [32m✓[39m src/services/syncManager.test.ts[2m > [22mSyncManager[2m > [22msubscribeToUpdates[2m > [22mshould create a new subscription[32m 5[2mms[22m[39m
 [32m✓[39m src/services/syncManager.test.ts[2m > [22mSyncManager[2m > [22msubscribeToUpdates[2m > [22mshould unsubscribe old subscription if key already exists[32m 1[2mms[22m[39m
 [32m✓[39m src/services/syncManager.test.ts[2m > [22mSyncManager[2m > [22msubscribeToUpdates[2m > [22mshould return unsubscribe function[32m 1[2mms[22m[39m
 [32m✓[39m src/services/syncManager.test.ts[2m > [22mSyncManager[2m > [22msubscribeToUpdates[2m > [22mshould handle subscription errors[32m 2[2mms[22m[39m
 [32m✓[39m src/services/syncManager.test.ts[2m > [22mSyncManager[2m > [22munsubscribe[2m > [22mshould unsubscribe from specific subscription[32m 1[2mms[22m[39m
 [32m✓[39m src/services/syncManager.test.ts[2m > [22mSyncManager[2m > [22munsubscribe[2m > [22mshould do nothing if key does not exist[32m 1[2mms[22m[39m
 [32m✓[39m src/services/syncManager.test.ts[2m > [22mSyncManager[2m > [22munsubscribeAll[2m > [22mshould unsubscribe from all active subscriptions[32m 1[2mms[22m[39m
 [32m✓[39m src/services/syncManager.test.ts[2m > [22mSyncManager[2m > [22mpauseSync[2m > [22mshould pause sync and update state[32m 1[2mms[22m[39m
 [32m✓[39m src/services/syncManager.test.ts[2m > [22mSyncManager[2m > [22mpauseSync[2m > [22mshould unsubscribe all subscriptions[32m 1[2mms[22m[39m
 [32m✓[39m src/services/syncManager.test.ts[2m > [22mSyncManager[2m > [22mresumeSync[2m > [22mshould resume sync and update state[32m 1[2mms[22m[39m
 [32m✓[39m src/services/syncManager.test.ts[2m > [22mSyncManager[2m > [22mqueueSync[2m > [22mshould add operation to queue and update pending count[32m 1[2mms[22m[39m
 [31m×[39m src/services/replication/tables/__tests__/ReplicatedEntriesTable.test.ts[2m > [22mReplicatedEntriesTable[2m > [22mTTL Expiration[2m > [22mshould clean expired entries[32m 119[2mms[22m[39m
[31m   → expected 4 to be 2 // Object.is equality[39m
 [32m✓[39m src/services/replication/tables/__tests__/ReplicatedEntriesTable.test.ts[2m > [22mReplicatedEntriesTable[2m > [22mSubscription Pattern[2m > [22mshould notify listeners on data changes[32m 49[2mms[22m[39m
 [32m✓[39m src/services/replication/tables/__tests__/ReplicatedEntriesTable.test.ts[2m > [22mReplicatedEntriesTable[2m > [22mConflict Resolution[2m > [22mshould preserve client check-in status over server[32m 1[2mms[22m[39m
 [32m✓[39m src/services/replication/tables/__tests__/ReplicatedEntriesTable.test.ts[2m > [22mReplicatedEntriesTable[2m > [22mConflict Resolution[2m > [22mshould preserve server scoring results over client[32m 0[2mms[22m[39m
 [31m×[39m src/services/replication/tables/__tests__/ReplicatedEntriesTable.test.ts[2m > [22mReplicatedEntriesTable[2m > [22mSync Metadata[2m > [22mshould get sync metadata[32m 1[2mms[22m[39m
[31m   → expected undefined to be defined[39m
 [31m×[39m src/services/replication/tables/__tests__/ReplicatedEntriesTable.test.ts[2m > [22mReplicatedEntriesTable[2m > [22mSync Metadata[2m > [22mshould update sync metadata after operations[32m 1[2mms[22m[39m
[31m   → expected undefined to be 'entries' // Object.is equality[39m
 [32m✓[39m src/services/replication/tables/__tests__/ReplicatedEntriesTable.test.ts[2m > [22mReplicatedEntriesTable[2m > [22mCache Operations[2m > [22mshould clear all cached entries[32m 2[2mms[22m[39m
[90mstdout[2m | src/services/syncManager.test.ts[2m > [22m[2mSyncManager[2m > [22m[2mmanualSync[2m > [22m[2mshould process offline queue and sync queue
[22m[39m🔄 Manual sync triggered

[90mstdout[2m | src/services/syncManager.test.ts[2m > [22m[2mSyncManager[2m > [22m[2mmanualSync[2m > [22m[2mshould process pending offline queue items
[22m[39m🔄 Manual sync triggered
🔄 Processing 2 offline queue items

[90mstdout[2m | src/services/syncManager.test.ts[2m > [22m[2mSyncManager[2m > [22m[2mmanualSync[2m > [22m[2mshould process pending offline queue items
[22m[39m✅ Offline queue sync complete: 2 success, 0 failed

[90mstdout[2m | src/services/syncManager.test.ts[2m > [22m[2mSyncManager[2m > [22m[2mmanualSync[2m > [22m[2mshould handle failed offline queue items
[22m[39m🔄 Manual sync triggered
🔄 Processing 1 offline queue items

[90mstdout[2m | src/services/syncManager.test.ts[2m > [22m[2mSyncManager[2m > [22m[2mmanualSync[2m > [22m[2mshould handle failed offline queue items
[22m[39m✅ Offline queue sync complete: 0 success, 1 failed

[90mstdout[2m | src/services/syncManager.test.ts[2m > [22m[2mSyncManager[2m > [22m[2mshouldBlockSync[2m > [22m[2mshould block sync when paused
[22m[39m⏸️ Pausing real-time sync
🔌 Unsubscribing from all 0 subscriptions
▶️ Resuming real-time sync

[90mstdout[2m | src/services/syncManager.test.ts[2m > [22m[2mSyncManager[2m > [22m[2mshouldBlockSync[2m > [22m[2mshould not block sync when online and not paused
[22m[39m▶️ Resuming real-time sync

[90mstdout[2m | src/services/syncManager.test.ts[2m > [22m[2mSyncManager[2m > [22m[2mnetwork event handlers[2m > [22m[2mshould update status to offline when pauseSync is called
[22m[39m▶️ Resuming real-time sync
⏸️ Pausing real-time sync
🔌 Unsubscribing from all 0 subscriptions
▶️ Resuming real-time sync

 [32m✓[39m src/services/syncManager.test.ts[2m > [22mSyncManager[2m > [22mqueueSync[2m > [22mshould process queue immediately[32m 115[2mms[22m[39m
 [32m✓[39m src/services/syncManager.test.ts[2m > [22mSyncManager[2m > [22mmanualSync[2m > [22mshould process offline queue and sync queue[32m 2[2mms[22m[39m
 [32m✓[39m src/services/syncManager.test.ts[2m > [22mSyncManager[2m > [22mmanualSync[2m > [22mshould process pending offline queue items[32m 3[2mms[22m[39m
 [32m✓[39m src/services/syncManager.test.ts[2m > [22mSyncManager[2m > [22mmanualSync[2m > [22mshould handle failed offline queue items[32m 8[2mms[22m[39m
 [32m✓[39m src/services/syncManager.test.ts[2m > [22mSyncManager[2m > [22mshouldBlockSync[2m > [22mshould block sync when offline[32m 1[2mms[22m[39m
 [32m✓[39m src/services/syncManager.test.ts[2m > [22mSyncManager[2m > [22mshouldBlockSync[2m > [22mshould block sync when paused[32m 1[2mms[22m[39m
 [32m✓[39m src/services/syncManager.test.ts[2m > [22mSyncManager[2m > [22mshouldBlockSync[2m > [22mshould not block sync when online and not paused[32m 1[2mms[22m[39m
 [32m✓[39m src/services/syncManager.test.ts[2m > [22mSyncManager[2m > [22mgetRetryDelay[2m > [22mshould calculate exponential backoff[32m 1[2mms[22m[39m
 [32m✓[39m src/services/syncManager.test.ts[2m > [22mSyncManager[2m > [22mgetRetryDelay[2m > [22mshould cap delay at 30 seconds[32m 0[2mms[22m[39m
 [32m✓[39m src/services/syncManager.test.ts[2m > [22mSyncManager[2m > [22mgetRetryDelay[2m > [22mshould use custom base delay[32m 0[2mms[22m[39m
 [32m✓[39m src/services/syncManager.test.ts[2m > [22mSyncManager[2m > [22misWiFiOnlyAndCellular[2m > [22mshould always return false (feature removed)[32m 0[2mms[22m[39m
 [32m✓[39m src/services/syncManager.test.ts[2m > [22mSyncManager[2m > [22mnetwork event handlers[2m > [22mshould handle online event[32m 0[2mms[22m[39m
 [32m✓[39m src/services/syncManager.test.ts[2m > [22mSyncManager[2m > [22mnetwork event handlers[2m > [22mshould update status to offline when pauseSync is called[32m 1[2mms[22m[39m
 [32m✓[39m src/utils/auth.test.ts[2m > [22mparsePasscode[2m > [22mparses admin passcode correctly[32m 2[2mms[22m[39m
 [32m✓[39m src/utils/auth.test.ts[2m > [22mparsePasscode[2m > [22mparses judge passcode correctly[32m 0[2mms[22m[39m
 [32m✓[39m src/utils/auth.test.ts[2m > [22mparsePasscode[2m > [22mparses steward passcode correctly[32m 0[2mms[22m[39m
 [32m✓[39m src/utils/auth.test.ts[2m > [22mparsePasscode[2m > [22mparses exhibitor passcode correctly[32m 0[2mms[22m[39m
 [32m✓[39m src/utils/auth.test.ts[2m > [22mparsePasscode[2m > [22mhandles invalid passcode length[32m 0[2mms[22m[39m
 [32m✓[39m src/utils/auth.test.ts[2m > [22mparsePasscode[2m > [22mhandles invalid role prefix[32m 0[2mms[22m[39m
 [32m✓[39m src/utils/auth.test.ts[2m > [22mparsePasscode[2m > [22mhandles empty passcode[32m 0[2mms[22m[39m
 [32m✓[39m src/utils/auth.test.ts[2m > [22mgeneratePasscodesFromLicenseKey[2m > [22mgenerates correct passcodes from license key[32m 0[2mms[22m[39m
 [32m✓[39m src/utils/auth.test.ts[2m > [22mgeneratePasscodesFromLicenseKey[2m > [22mhandles invalid license key format[32m 0[2mms[22m[39m
 [32m✓[39m src/utils/auth.test.ts[2m > [22mgeneratePasscodesFromLicenseKey[2m > [22mhandles empty license key[32m 0[2mms[22m[39m
 [32m✓[39m src/utils/auth.test.ts[2m > [22mvalidatePasscodeAgainstLicenseKey[2m > [22mvalidates correct admin passcode[32m 0[2mms[22m[39m
 [32m✓[39m src/utils/auth.test.ts[2m > [22mvalidatePasscodeAgainstLicenseKey[2m > [22mvalidates correct judge passcode[32m 0[2mms[22m[39m
 [32m✓[39m src/utils/auth.test.ts[2m > [22mvalidatePasscodeAgainstLicenseKey[2m > [22mrejects incorrect passcode[32m 0[2mms[22m[39m
 [32m✓[39m src/utils/auth.test.ts[2m > [22mvalidatePasscodeAgainstLicenseKey[2m > [22mrejects invalid passcode format[32m 0[2mms[22m[39m
 [32m✓[39m src/utils/auth.test.ts[2m > [22mgetPermissionsForRole[2m > [22madmin has all permissions[32m 0[2mms[22m[39m
 [32m✓[39m src/utils/auth.test.ts[2m > [22mgetPermissionsForRole[2m > [22mjudge has most permissions except viewing passcodes[32m 0[2mms[22m[39m
 [32m✓[39m src/utils/auth.test.ts[2m > [22mgetPermissionsForRole[2m > [22msteward cannot access scoresheet or view passcodes[32m 0[2mms[22m[39m
 [32m✓[39m src/utils/auth.test.ts[2m > [22mgetPermissionsForRole[2m > [22mexhibitor can only check in dogs[32m 0[2mms[22m[39m
[90mstdout[2m | src/pages/EntryList/__tests__/EntryList.status-changes.test.tsx
[22m[39m🔄 Upgrading IndexedDB schema...
  ✓ Created cache store
  ✓ Created mutations store
  ✓ Created shows store
  ✓ Created metadata store
✅ IndexedDB schema upgrade complete

[90mstdout[2m | src/pages/EntryList/__tests__/EntryList.reset-score.test.tsx
[22m[39m🔄 Upgrading IndexedDB schema...
  ✓ Created cache store
  ✓ Created mutations store
  ✓ Created shows store
  ✓ Created metadata store
✅ IndexedDB schema upgrade complete

[90mstdout[2m | src/pages/EntryList/__tests__/EntryList.reset-score.test.tsx
[22m[39m✅ IndexedDB opened successfully

[90mstdout[2m | src/pages/EntryList/__tests__/EntryList.status-changes.test.tsx
[22m[39m✅ IndexedDB opened successfully

[90mstdout[2m | src/pages/EntryList/__tests__/EntryList.reset-score.test.tsx
[22m[39m🧪 Debug functions available:
  - window.debugMarkInRing(entryId, true/false)
  - window.testSupabaseConnection()
  - window.testRealTimeEvents(classId)
  - window.testUnfilteredRealTime()
  - window.debugMonitorEntry(entryId) // Monitor specific entry for changes
  - window.debugStopwatchIssue(entryId) // 🚨 Debug stopwatch issue
  - window.debugTestCheckinUpdate(entryId, "checked-in") // Test check-in status updates
  - window.testSupabaseRealTime() // Test basic real-time functionality
  - window.stopMonitoring() // Stop monitoring

[90mstdout[2m | src/pages/EntryList/__tests__/EntryList.status-changes.test.tsx
[22m[39m🧪 Debug functions available:
  - window.debugMarkInRing(entryId, true/false)
  - window.testSupabaseConnection()
  - window.testRealTimeEvents(classId)
  - window.testUnfilteredRealTime()
  - window.debugMonitorEntry(entryId) // Monitor specific entry for changes
  - window.debugStopwatchIssue(entryId) // 🚨 Debug stopwatch issue
  - window.debugTestCheckinUpdate(entryId, "checked-in") // Test check-in status updates
  - window.testSupabaseRealTime() // Test basic real-time functionality
  - window.stopMonitoring() // Stop monitoring

 [2m[90m↓[39m[22m src/pages/EntryList/__tests__/EntryList.reset-score.test.tsx[2m > [22mEntryList - Reset Score - Offline-First Compliance[2m > [22mScenario 1: Reset Score - Online[2m > [22mupdates UI immediately when resetting score
 [2m[90m↓[39m[22m src/pages/EntryList/__tests__/EntryList.reset-score.test.tsx[2m > [22mEntryList - Reset Score - Offline-First Compliance[2m > [22mScenario 1: Reset Score - Online[2m > [22mdoes NOT call refresh() manually after reset
 [2m[90m↓[39m[22m src/pages/EntryList/__tests__/EntryList.reset-score.test.tsx[2m > [22mEntryList - Reset Score - Offline-First Compliance[2m > [22mScenario 1: Reset Score - Online[2m > [22mcalls API with correct entry ID
 [2m[90m↓[39m[22m src/pages/EntryList/__tests__/EntryList.reset-score.test.tsx[2m > [22mEntryList - Reset Score - Offline-First Compliance[2m > [22mScenario 1: Reset Score - Online[2m > [22mresets all score fields in optimistic update
 [2m[90m↓[39m[22m src/pages/EntryList/__tests__/EntryList.reset-score.test.tsx[2m > [22mEntryList - Reset Score - Offline-First Compliance[2m > [22mScenario 2: Reset Score - Offline[2m > [22mupdates UI immediately when offline
 [2m[90m↓[39m[22m src/pages/EntryList/__tests__/EntryList.reset-score.test.tsx[2m > [22mEntryList - Reset Score - Offline-First Compliance[2m > [22mScenario 2: Reset Score - Offline[2m > [22mdoes not show error alert when offline
 [2m[90m↓[39m[22m src/pages/EntryList/__tests__/EntryList.reset-score.test.tsx[2m > [22mEntryList - Reset Score - Offline-First Compliance[2m > [22mScenario 2: Reset Score - Offline[2m > [22mdoes not rollback optimistic update when offline
 [2m[90m↓[39m[22m src/pages/EntryList/__tests__/EntryList.reset-score.test.tsx[2m > [22mEntryList - Reset Score - Offline-First Compliance[2m > [22mScenario 3: Connection Drops Mid-Reset[2m > [22mdoes not rollback optimistic update if reset fails
 [2m[90m↓[39m[22m src/pages/EntryList/__tests__/EntryList.reset-score.test.tsx[2m > [22mEntryList - Reset Score - Offline-First Compliance[2m > [22mScenario 3: Connection Drops Mid-Reset[2m > [22mdoes not show error to user when reset fails
 [2m[90m↓[39m[22m src/pages/EntryList/__tests__/EntryList.reset-score.test.tsx[2m > [22mEntryList - Reset Score - Offline-First Compliance[2m > [22mScenario 4: Multiple Rapid Resets[2m > [22mapplies all optimistic updates immediately
 [2m[90m↓[39m[22m src/pages/EntryList/__tests__/EntryList.reset-score.test.tsx[2m > [22mEntryList - Reset Score - Offline-First Compliance[2m > [22mScenario 5: Status Badge After Reset[2m > [22mresets status badge to "No Status"
 [2m[90m↓[39m[22m src/pages/EntryList/__tests__/EntryList.reset-score.test.tsx[2m > [22mEntryList - Reset Score - Offline-First Compliance[2m > [22mPattern Compliance Checks[2m > [22mfollows offline-first pattern: optimistic update then background sync
 [2m[90m↓[39m[22m src/pages/EntryList/__tests__/EntryList.reset-score.test.tsx[2m > [22mEntryList - Reset Score - Offline-First Compliance[2m > [22mPattern Compliance Checks[2m > [22mswitches to pending tab immediately
 [2m[90m↓[39m[22m src/pages/EntryList/__tests__/EntryList.status-changes.test.tsx[2m > [22mEntryList - Status Changes - Offline-First Compliance[2m > [22mScenario 1: Normal Status Change - Online[2m > [22mupdates UI immediately when changing status
 [2m[90m↓[39m[22m src/pages/EntryList/__tests__/EntryList.status-changes.test.tsx[2m > [22mEntryList - Status Changes - Offline-First Compliance[2m > [22mScenario 1: Normal Status Change - Online[2m > [22mdoes NOT call refresh() manually after status change
 [2m[90m↓[39m[22m src/pages/EntryList/__tests__/EntryList.status-changes.test.tsx[2m > [22mEntryList - Status Changes - Offline-First Compliance[2m > [22mScenario 1: Normal Status Change - Online[2m > [22mcalls API with correct status value
 [2m[90m↓[39m[22m src/pages/EntryList/__tests__/EntryList.status-changes.test.tsx[2m > [22mEntryList - Status Changes - Offline-First Compliance[2m > [22mScenario 2: Status Change - Offline[2m > [22mupdates UI immediately when offline
 [2m[90m↓[39m[22m src/pages/EntryList/__tests__/EntryList.status-changes.test.tsx[2m > [22mEntryList - Status Changes - Offline-First Compliance[2m > [22mScenario 2: Status Change - Offline[2m > [22mdoes not show error alert when offline
 [2m[90m↓[39m[22m src/pages/EntryList/__tests__/EntryList.status-changes.test.tsx[2m > [22mEntryList - Status Changes - Offline-First Compliance[2m > [22mScenario 2: Status Change - Offline[2m > [22mdoes not rollback optimistic update when offline
 [2m[90m↓[39m[22m src/pages/EntryList/__tests__/EntryList.status-changes.test.tsx[2m > [22mEntryList - Status Changes - Offline-First Compliance[2m > [22mScenario 3: In-Ring Status - Online[2m > [22mupdates UI immediately when marking in-ring
 [2m[90m↓[39m[22m src/pages/EntryList/__tests__/EntryList.status-changes.test.tsx[2m > [22mEntryList - Status Changes - Offline-First Compliance[2m > [22mScenario 3: In-Ring Status - Online[2m > [22mdoes NOT call refresh() after marking in-ring
 [2m[90m↓[39m[22m src/pages/EntryList/__tests__/EntryList.status-changes.test.tsx[2m > [22mEntryList - Status Changes - Offline-First Compliance[2m > [22mScenario 3: In-Ring Status - Online[2m > [22mdoes not show error when marking in-ring fails
 [2m[90m↓[39m[22m src/pages/EntryList/__tests__/EntryList.status-changes.test.tsx[2m > [22mEntryList - Status Changes - Offline-First Compliance[2m > [22mScenario 4: Completed Status - Online[2m > [22mupdates UI immediately when marking completed
 [2m[90m↓[39m[22m src/pages/EntryList/__tests__/EntryList.status-changes.test.tsx[2m > [22mEntryList - Status Changes - Offline-First Compliance[2m > [22mScenario 4: Completed Status - Online[2m > [22mdoes NOT call refresh() after marking completed
 [2m[90m↓[39m[22m src/pages/EntryList/__tests__/EntryList.status-changes.test.tsx[2m > [22mEntryList - Status Changes - Offline-First Compliance[2m > [22mScenario 4: Completed Status - Online[2m > [22mdoes not show error when marking completed fails
 [2m[90m↓[39m[22m src/pages/EntryList/__tests__/EntryList.status-changes.test.tsx[2m > [22mEntryList - Status Changes - Offline-First Compliance[2m > [22mScenario 5: Multiple Rapid Status Changes[2m > [22mapplies all optimistic updates immediately
 [2m[90m↓[39m[22m src/pages/EntryList/__tests__/EntryList.status-changes.test.tsx[2m > [22mEntryList - Status Changes - Offline-First Compliance[2m > [22mPattern Compliance Checks[2m > [22mfollows offline-first pattern: optimistic update then background sync

[2m Test Files [22m [1m[31m7 failed[39m[22m[2m | [22m[1m[32m9 passed[39m[22m[2m | [22m[33m2 skipped[39m[90m (18)[39m
[2m      Tests [22m [1m[31m34 failed[39m[22m[2m | [22m[1m[32m315 passed[39m[22m[2m | [22m[33m29 skipped[39m[90m (378)[39m
[2m   Start at [22m 16:16:53
[2m   Duration [22m 8.61s[2m (transform 9.42s, setup 9.36s, collect 13.77s, tests 1.27s, environment 49.43s, prepare 1.50s)[22m

